Profile object 1
  profile_id:          CKP_BASELINE_PROVIDER (1)
