Interfaces are supported only in PKCS #11 3.0 and newer
