Cryptoki version 3.1
Manufacturer     google
Library           (ver 0.1)
